[INFO] Scanning for projects...
[INFO] 
[INFO] ---------------------< com.example:lms-for-rural >----------------------
[INFO] Building lms-for-rural 0.0.1-SNAPSHOT
[INFO]   from pom.xml
[INFO] --------------------------------[ jar ]---------------------------------
[INFO] 
[INFO] --- resources:3.3.1:resources (default-resources) @ lms-for-rural ---
[INFO] Copying 1 resource from src\main\resources to target\classes
[INFO] Copying 0 resource from src\main\resources to target\classes
[INFO] 
[INFO] --- compiler:3.11.0:compile (default-compile) @ lms-for-rural ---
[INFO] Changes detected - recompiling the module! :source
[INFO] Compiling 29 source files with javac [debug release 17] to target\classes
[INFO] -------------------------------------------------------------
[ERROR] COMPILATION ERROR : 
[INFO] -------------------------------------------------------------
[ERROR] /C:/Users/nirru/OneDrive/Desktop/lms for rural/lms-for-rural/src/main/java/com/example/demo/service/impl/CourseServiceImpl.java:[25,15] cannot find symbol
  symbol:   method setInstructor(com.example.demo.model.Instructor)
  location: variable course of type com.example.demo.model.Course
[ERROR] /C:/Users/nirru/OneDrive/Desktop/lms for rural/lms-for-rural/src/main/java/com/example/demo/service/impl/CourseServiceImpl.java:[44,45] cannot find symbol
  symbol:   method getDuration()
  location: variable courseDetails of type com.example.demo.model.Course
[INFO] 2 errors 
[INFO] -------------------------------------------------------------
[INFO] ------------------------------------------------------------------------
[INFO] BUILD FAILURE
[INFO] ------------------------------------------------------------------------
[INFO] Total time:  3.992 s
[INFO] Finished at: 2026-02-18T11:05:45+05:30
[INFO] ------------------------------------------------------------------------
[ERROR] Failed to execute goal org.apache.maven.plugins:maven-compiler-plugin:3.11.0:compile (default-compile) on project lms-for-rural: Compilation failure: Compilation failure: 
[ERROR] /C:/Users/nirru/OneDrive/Desktop/lms for rural/lms-for-rural/src/main/java/com/example/demo/service/impl/CourseServiceImpl.java:[25,15] cannot find symbol
[ERROR]   symbol:   method setInstructor(com.example.demo.model.Instructor)
[ERROR]   location: variable course of type com.example.demo.model.Course
[ERROR] /C:/Users/nirru/OneDrive/Desktop/lms for rural/lms-for-rural/src/main/java/com/example/demo/service/impl/CourseServiceImpl.java:[44,45] cannot find symbol
[ERROR]   symbol:   method getDuration()
[ERROR]   location: variable courseDetails of type com.example.demo.model.Course
[ERROR] -> [Help 1]
[ERROR] 
[ERROR] To see the full stack trace of the errors, re-run Maven with the -e switch.
[ERROR] Re-run Maven using the -X switch to enable full debug logging.
[ERROR] 
[ERROR] For more information about the errors and possible solutions, please read the following articles:
[ERROR] [Help 1] http://cwiki.apache.org/confluence/display/MAVEN/MojoFailureException
